PHPUnit 9.5.28 by Sebastian Bergmann and contributors.

vendor\bin\phpunit : 'ps' is not recognized as an internal or external command,
At line:1 char:1
+ vendor\bin\phpunit tests/Feature/EndUserPortalTest.php > test_output. ...
+ ~~~~~~~~~~~~~~~~~~~~~~~~~~~~~~~~~~~~~~~~~~~~~~~~~~~~~~~~~~~~~~~~~~~~~
    + CategoryInfo          : NotSpecified: ('ps' is not rec...ternal command,:String) [], RemoteException
    + FullyQualifiedErrorId : NativeCommandError
 
operable program or batch file.
'ps' is not recognized as an internal or external command,
operable program or batch file.
'ps' is not recognized as an internal or external command,
operable program or batch file.
'ps' is not recognized as an internal or external command,
operable program or batch file.
'ps' is not recognized as an internal or external command,
operable program or batch file.
'ps' is not recognized as an internal or external command,
operable program or batch file.
'ps' is not recognized as an internal or external command,
operable program or batch file.
'ps' is not recognized as an internal or external command,
operable program or batch file.
'ps' is not recognized as an internal or external command,
operable program or batch file.
'ps' is not recognized as an internal or external command,
operable program or batch file.
'ps' is not recognized as an internal or external command,
operable program or batch file.
'ps' is not recognized as an internal or external command,
operable program or batch file.
'ps' is not recognized as an internal or external command,
operable program or batch file.
'ps' is not recognized as an internal or external command,
operable program or batch file.
'ps' is not recognized as an internal or external command,
operable program or batch file.
'ps' is not recognized as an internal or external command,
operable program or batch file.
'ps' is not recognized as an internal or external command,
operable program or batch file.
'ps' is not recognized as an internal or external command,
operable program or batch file.
'ps' is not recognized as an internal or external command,
operable program or batch file.
'ps' is not recognized as an internal or external command,
operable program or batch file.
'ps' is not recognized as an internal or external command,
operable program or batch file.
'ps' is not recognized as an internal or external command,
operable program or batch file.
'ps' is not recognized as an internal or external command,
operable program or batch file.
'ps' is not recognized as an internal or external command,
operable program or batch file.
'ps' is not recognized as an internal or external command,
operable program or batch file.
'ps' is not recognized as an internal or external command,
operable program or batch file.
'ps' is not recognized as an internal or external command,
operable program or batch file.
'ps' is not recognized as an internal or external command,
operable program or batch file.
'ps' is not recognized as an internal or external command,
operable program or batch file.
'ps' is not recognized as an internal or external command,
operable program or batch file.
'ps' is not recognized as an internal or external command,
operable program or batch file.
'ps' is not recognized as an internal or external command,
operable program or batch file.
'ps' is not recognized as an internal or external command,
operable program or batch file.
'ps' is not recognized as an internal or external command,
operable program or batch file.
'ps' is not recognized as an internal or external command,
operable program or batch file.
'ps' is not recognized as an internal or external command,
operable program or batch file.
'ps' is not recognized as an internal or external command,
operable program or batch file.
'ps' is not recognized as an internal or external command,
operable program or batch file.
'ps' is not recognized as an internal or external command,
operable program or batch file.
'ps' is not recognized as an internal or external command,
operable program or batch file.
'ps' is not recognized as an internal or external command,
operable program or batch file.
'ps' is not recognized as an internal or external command,
operable program or batch file.
'ps' is not recognized as an internal or external command,
operable program or batch file.
'ps' is not recognized as an internal or external command,
operable program or batch file.
'ps' is not recognized as an internal or external command,
operable program or batch file.
'ps' is not recognized as an internal or external command,
operable program or batch file.
'ps' is not recognized as an internal or external command,
operable program or batch file.
'ps' is not recognized as an internal or external command,
operable program or batch file.
'ps' is not recognized as an internal or external command,
operable program or batch file.
'ps' is not recognized as an internal or external command,
operable program or batch file.
'ps' is not recognized as an internal or external command,
operable program or batch file.
'ps' is not recognized as an internal or external command,
operable program or batch file.
'ps' is not recognized as an internal or external command,
operable program or batch file.
'ps' is not recognized as an internal or external command,
operable program or batch file.
'ps' is not recognized as an internal or external command,
operable program or batch file.
'ps' is not recognized as an internal or external command,
operable program or batch file.
'ps' is not recognized as an internal or external command,
operable program or batch file.
'ps' is not recognized as an internal or external command,
operable program or batch file.
'ps' is not recognized as an internal or external command,
operable program or batch file.
'ps' is not recognized as an internal or external command,
operable program or batch file.
'ps' is not recognized as an internal or external command,
operable program or batch file.
'ps' is not recognized as an internal or external command,
operable program or batch file.
'ps' is not recognized as an internal or external command,
operable program or batch file.
'ps' is not recognized as an internal or external command,
operable program or batch file.
'ps' is not recognized as an internal or external command,
operable program or batch file.
'ps' is not recognized as an internal or external command,
operable program or batch file.
'ps' is not recognized as an internal or external command,
operable program or batch file.
'ps' is not recognized as an internal or external command,
operable program or batch file.
'ps' is not recognized as an internal or external command,
operable program or batch file.
'ps' is not recognized as an internal or external command,
operable program or batch file.
'ps' is not recognized as an internal or external command,
operable program or batch file.
'ps' is not recognized as an internal or external command,
operable program or batch file.
'ps' is not recognized as an internal or external command,
operable program or batch file.
'ps' is not recognized as an internal or external command,
operable program or batch file.
'ps' is not recognized as an internal or external command,
operable program or batch file.
'ps' is not recognized as an internal or external command,
operable program or batch file.
'ps' is not recognized as an internal or external command,
operable program or batch file.
'ps' is not recognized as an internal or external command,
operable program or batch file.
'ps' is not recognized as an internal or external command,
operable program or batch file.
'ps' is not recognized as an internal or external command,
operable program or batch file.
'ps' is not recognized as an internal or external command,
operable program or batch file.
'ps' is not recognized as an internal or external command,
operable program or batch file.
'ps' is not recognized as an internal or external command,
operable program or batch file.
'ps' is not recognized as an internal or external command,
operable program or batch file.
'ps' is not recognized as an internal or external command,
operable program or batch file.
'ps' is not recognized as an internal or external command,
operable program or batch file.
'ps' is not recognized as an internal or external command,
operable program or batch file.
'ps' is not recognized as an internal or external command,
operable program or batch file.
'ps' is not recognized as an internal or external command,
operable program or batch file.
'ps' is not recognized as an internal or external command,
operable program or batch file.
'ps' is not recognized as an internal or external command,
operable program or batch file.
'ps' is not recognized as an internal or external command,
operable program or batch file.
'ps' is not recognized as an internal or external command,
operable program or batch file.
'ps' is not recognized as an internal or external command,
operable program or batch file.
'ps' is not recognized as an internal or external command,
operable program or batch file.
'ps' is not recognized as an internal or external command,
operable program or batch file.
'ps' is not recognized as an internal or external command,
operable program or batch file.
'ps' is not recognized as an internal or external command,
operable program or batch file.
'ps' is not recognized as an internal or external command,
operable program or batch file.
'ps' is not recognized as an internal or external command,
operable program or batch file.
'ps' is not recognized as an internal or external command,
operable program or batch file.
'ps' is not recognized as an internal or external command,
operable program or batch file.
'ps' is not recognized as an internal or external command,
operable program or batch file.
'ps' is not recognized as an internal or external command,
operable program or batch file.
'ps' is not recognized as an internal or external command,
operable program or batch file.
'ps' is not recognized as an internal or external command,
operable program or batch file.
'ps' is not recognized as an internal or external command,
operable program or batch file.
'ps' is not recognized as an internal or external command,
operable program or batch file.
'ps' is not recognized as an internal or external command,
operable program or batch file.
'ps' is not recognized as an internal or external command,
operable program or batch file.
'ps' is not recognized as an internal or external command,
operable program or batch file.
'ps' is not recognized as an internal or external command,
operable program or batch file.
'ps' is not recognized as an internal or external command,
operable program or batch file.
'ps' is not recognized as an internal or external command,
operable program or batch file.
'ps' is not recognized as an internal or external command,
operable program or batch file.
'ps' is not recognized as an internal or external command,
operable program or batch file.
'ps' is not recognized as an internal or external command,
operable program or batch file.
'ps' is not recognized as an internal or external command,
operable program or batch file.
'ps' is not recognized as an internal or external command,
operable program or batch file.
'ps' is not recognized as an internal or external command,
operable program or batch file.
'ps' is not recognized as an internal or external command,
operable program or batch file.
'ps' is not recognized as an internal or external command,
operable program or batch file.
'ps' is not recognized as an internal or external command,
operable program or batch file.
'ps' is not recognized as an internal or external command,
operable program or batch file.
......E..F....E........E.E.E...                                   31 / 31 (100%)

Time: 00:20.842, Memory: 38.00 MB

There were 5 errors:

1) Tests\Feature\EndUserPortalTest::test_submit_ticket_with_custom_fields
ErrorException: Attempt to read property "id" on null

D:\Tugas Akhir Nadia\project\lapor_poliwangi\tests\Feature\EndUserPortalTest.php:170

2) Tests\Feature\EndUserPortalTest::test_my_tickets_unauthenticated_redirects_to_login
ErrorException: htmlspecialchars(): Passing null to parameter #1 ($string) of type string is deprecated (View: D:\Tugas Akhir Nadia\project\lapor_poliwangi\Modules\LaporPoliwangi\resources\views\end_user_portal\track_ticket.blade.php)

D:\Tugas Akhir Nadia\project\lapor_poliwangi\overrides\laravel\framework\src\Illuminate\Support\helpers.php:593
D:\Tugas Akhir Nadia\project\lapor_poliwangi\vendor\laravel\framework\src\Illuminate\View\Engines\PhpEngine.php:45
D:\Tugas Akhir Nadia\project\lapor_poliwangi\vendor\laravel\framework\src\Illuminate\View\Engines\CompilerEngine.php:59
D:\Tugas Akhir Nadia\project\lapor_poliwangi\overrides\laravel\framework\src\Illuminate\View\View.php:137
D:\Tugas Akhir Nadia\project\lapor_poliwangi\overrides\laravel\framework\src\Illuminate\View\View.php:120
D:\Tugas Akhir Nadia\project\lapor_poliwangi\overrides\laravel\framework\src\Illuminate\View\View.php:85
D:\Tugas Akhir Nadia\project\lapor_poliwangi\vendor\laravel\framework\src\Illuminate\Http\Response.php:42
D:\Tugas Akhir Nadia\project\lapor_poliwangi\overrides\symfony\http-foundation\Response.php:206
D:\Tugas Akhir Nadia\project\lapor_poliwangi\overrides\laravel\framework\src\Illuminate\Routing\Router.php:724
D:\Tugas Akhir Nadia\project\lapor_poliwangi\overrides\laravel\framework\src\Illuminate\Routing\Router.php:698
D:\Tugas Akhir Nadia\project\lapor_poliwangi\overrides\laravel\framework\src\Illuminate\Routing\Router.php:657
D:\Tugas Akhir Nadia\project\lapor_poliwangi\vendor\laravel\framework\src\Illuminate\Routing\Pipeline.php:30
D:\Tugas Akhir Nadia\project\lapor_poliwangi\vendor\laravel\framework\src\Illuminate\Routing\Middleware\ThrottleRequests.php:57
D:\Tugas Akhir Nadia\project\lapor_poliwangi\overrides\laravel\framework\src\Illuminate\Pipeline\Pipeline.php:149
D:\Tugas Akhir Nadia\project\lapor_poliwangi\vendor\laravel\framework\src\Illuminate\Routing\Pipeline.php:53
D:\Tugas Akhir Nadia\project\lapor_poliwangi\app\Http\Middleware\CustomHandle.php:27
D:\Tugas Akhir Nadia\project\lapor_poliwangi\overrides\laravel\framework\src\Illuminate\Pipeline\Pipeline.php:149
D:\Tugas Akhir Nadia\project\lapor_poliwangi\vendor\laravel\framework\src\Illuminate\Routing\Pipeline.php:53
D:\Tugas Akhir Nadia\project\lapor_poliwangi\app\Http\Middleware\FrameGuard.php:14
D:\Tugas Akhir Nadia\project\lapor_poliwangi\overrides\laravel\framework\src\Illuminate\Pipeline\Pipeline.php:149
D:\Tugas Akhir Nadia\project\lapor_poliwangi\vendor\laravel\framework\src\Illuminate\Routing\Pipeline.php:53
D:\Tugas Akhir Nadia\project\lapor_poliwangi\app\Http\Middleware\LogoutIfDeleted.php:28
D:\Tugas Akhir Nadia\project\lapor_poliwangi\overrides\laravel\framework\src\Illuminate\Pipeline\Pipeline.php:149
D:\Tugas Akhir Nadia\project\lapor_poliwangi\vendor\laravel\framework\src\Illuminate\Routing\Pipeline.php:53
D:\Tugas Akhir Nadia\project\lapor_poliwangi\app\Http\Middleware\Localize.php:27
D:\Tugas Akhir Nadia\project\lapor_poliwangi\overrides\laravel\framework\src\Illuminate\Pipeline\Pipeline.php:149
D:\Tugas Akhir Nadia\project\lapor_poliwangi\vendor\laravel\framework\src\Illuminate\Routing\Pipeline.php:53
D:\Tugas Akhir Nadia\project\lapor_poliwangi\app\Http\Middleware\CheckBrowser.php:31
D:\Tugas Akhir Nadia\project\lapor_poliwangi\overrides\laravel\framework\src\Illuminate\Pipeline\Pipeline.php:149
D:\Tugas Akhir Nadia\project\lapor_poliwangi\vendor\laravel\framework\src\Illuminate\Routing\Pipeline.php:53
D:\Tugas Akhir Nadia\project\lapor_poliwangi\app\Http\Middleware\HttpsRedirect.php:46
D:\Tugas Akhir Nadia\project\lapor_poliwangi\overrides\laravel\framework\src\Illuminate\Pipeline\Pipeline.php:149
D:\Tugas Akhir Nadia\project\lapor_poliwangi\vendor\laravel\framework\src\Illuminate\Routing\Pipeline.php:53
D:\Tugas Akhir Nadia\project\lapor_poliwangi\vendor\laravel\framework\src\Illuminate\Routing\Middleware\SubstituteBindings.php:41
D:\Tugas Akhir Nadia\project\lapor_poliwangi\overrides\laravel\framework\src\Illuminate\Pipeline\Pipeline.php:149
D:\Tugas Akhir Nadia\project\lapor_poliwangi\vendor\laravel\framework\src\Illuminate\Routing\Pipeline.php:53
D:\Tugas Akhir Nadia\project\lapor_poliwangi\overrides\laravel\framework\src\Illuminate\Foundation\Http\Middleware\VerifyCsrfToken.php:70
D:\Tugas Akhir Nadia\project\lapor_poliwangi\overrides\laravel\framework\src\Illuminate\Pipeline\Pipeline.php:149
D:\Tugas Akhir Nadia\project\lapor_poliwangi\vendor\laravel\framework\src\Illuminate\Routing\Pipeline.php:53
D:\Tugas Akhir Nadia\project\lapor_poliwangi\vendor\laravel\framework\src\Illuminate\View\Middleware\ShareErrorsFromSession.php:49
D:\Tugas Akhir Nadia\project\lapor_poliwangi\overrides\laravel\framework\src\Illuminate\Pipeline\Pipeline.php:149
D:\Tugas Akhir Nadia\project\lapor_poliwangi\vendor\laravel\framework\src\Illuminate\Routing\Pipeline.php:53
D:\Tugas Akhir Nadia\project\lapor_poliwangi\app\Http\Middleware\TokenAuth.php:48
D:\Tugas Akhir Nadia\project\lapor_poliwangi\overrides\laravel\framework\src\Illuminate\Pipeline\Pipeline.php:149
D:\Tugas Akhir Nadia\project\lapor_poliwangi\vendor\laravel\framework\src\Illuminate\Routing\Pipeline.php:53
D:\Tugas Akhir Nadia\project\lapor_poliwangi\overrides\laravel\framework\src\Illuminate\Session\Middleware\StartSession.php:63
D:\Tugas Akhir Nadia\project\lapor_poliwangi\overrides\laravel\framework\src\Illuminate\Pipeline\Pipeline.php:149
D:\Tugas Akhir Nadia\project\lapor_poliwangi\vendor\laravel\framework\src\Illuminate\Routing\Pipeline.php:53
D:\Tugas Akhir Nadia\project\lapor_poliwangi\vendor\laravel\framework\src\Illuminate\Cookie\Middleware\AddQueuedCookiesToResponse.php:37
D:\Tugas Akhir Nadia\project\lapor_poliwangi\overrides\laravel\framework\src\Illuminate\Pipeline\Pipeline.php:149
D:\Tugas Akhir Nadia\project\lapor_poliwangi\vendor\laravel\framework\src\Illuminate\Routing\Pipeline.php:53
D:\Tugas Akhir Nadia\project\lapor_poliwangi\overrides\laravel\framework\src\Illuminate\Cookie\Middleware\EncryptCookies.php:61
D:\Tugas Akhir Nadia\project\lapor_poliwangi\overrides\laravel\framework\src\Illuminate\Pipeline\Pipeline.php:149
D:\Tugas Akhir Nadia\project\lapor_poliwangi\vendor\laravel\framework\src\Illuminate\Routing\Pipeline.php:53
D:\Tugas Akhir Nadia\project\lapor_poliwangi\overrides\laravel\framework\src\Illuminate\Pipeline\Pipeline.php:102
D:\Tugas Akhir Nadia\project\lapor_poliwangi\overrides\laravel\framework\src\Illuminate\Routing\Router.php:656
D:\Tugas Akhir Nadia\project\lapor_poliwangi\overrides\laravel\framework\src\Illuminate\Routing\Router.php:635
D:\Tugas Akhir Nadia\project\lapor_poliwangi\overrides\laravel\framework\src\Illuminate\Routing\Router.php:601
D:\Tugas Akhir Nadia\project\lapor_poliwangi\overrides\laravel\framework\src\Illuminate\Routing\Router.php:590
D:\Tugas Akhir Nadia\project\lapor_poliwangi\vendor\laravel\framework\src\Illuminate\Foundation\Http\Kernel.php:176
D:\Tugas Akhir Nadia\project\lapor_poliwangi\vendor\laravel\framework\src\Illuminate\Routing\Pipeline.php:30
D:\Tugas Akhir Nadia\project\lapor_poliwangi\vendor\barryvdh\laravel-debugbar\src\Middleware\InjectDebugbar.php:58
D:\Tugas Akhir Nadia\project\lapor_poliwangi\overrides\laravel\framework\src\Illuminate\Pipeline\Pipeline.php:149
D:\Tugas Akhir Nadia\project\lapor_poliwangi\vendor\laravel\framework\src\Illuminate\Routing\Pipeline.php:53
D:\Tugas Akhir Nadia\project\lapor_poliwangi\app\Http\Middleware\TerminateHandler.php:12
D:\Tugas Akhir Nadia\project\lapor_poliwangi\overrides\laravel\framework\src\Illuminate\Pipeline\Pipeline.php:149
D:\Tugas Akhir Nadia\project\lapor_poliwangi\vendor\laravel\framework\src\Illuminate\Routing\Pipeline.php:53
D:\Tugas Akhir Nadia\project\lapor_poliwangi\app\Http\Middleware\ResponseHeaders.php:16
D:\Tugas Akhir Nadia\project\lapor_poliwangi\overrides\laravel\framework\src\Illuminate\Pipeline\Pipeline.php:149
D:\Tugas Akhir Nadia\project\lapor_poliwangi\vendor\laravel\framework\src\Illuminate\Routing\Pipeline.php:53
D:\Tugas Akhir Nadia\project\lapor_poliwangi\vendor\fideloper\proxy\src\TrustProxies.php:56
D:\Tugas Akhir Nadia\project\lapor_poliwangi\overrides\laravel\framework\src\Illuminate\Pipeline\Pipeline.php:149
D:\Tugas Akhir Nadia\project\lapor_poliwangi\vendor\laravel\framework\src\Illuminate\Routing\Pipeline.php:53
D:\Tugas Akhir Nadia\project\lapor_poliwangi\app\Http\Middleware\TrustHosts.php:45
D:\Tugas Akhir Nadia\project\lapor_poliwangi\overrides\laravel\framework\src\Illuminate\Pipeline\Pipeline.php:149
D:\Tugas Akhir Nadia\project\lapor_poliwangi\vendor\laravel\framework\src\Illuminate\Routing\Pipeline.php:53
D:\Tugas Akhir Nadia\project\lapor_poliwangi\vendor\laravel\framework\src\Illuminate\Foundation\Http\Middleware\TransformsRequest.php:30
D:\Tugas Akhir Nadia\project\lapor_poliwangi\overrides\laravel\framework\src\Illuminate\Pipeline\Pipeline.php:149
D:\Tugas Akhir Nadia\project\lapor_poliwangi\vendor\laravel\framework\src\Illuminate\Routing\Pipeline.php:53
D:\Tugas Akhir Nadia\project\lapor_poliwangi\vendor\laravel\framework\src\Illuminate\Foundation\Http\Middleware\TransformsRequest.php:30
D:\Tugas Akhir Nadia\project\lapor_poliwangi\overrides\laravel\framework\src\Illuminate\Pipeline\Pipeline.php:149
D:\Tugas Akhir Nadia\project\lapor_poliwangi\vendor\laravel\framework\src\Illuminate\Routing\Pipeline.php:53
D:\Tugas Akhir Nadia\project\lapor_poliwangi\vendor\laravel\framework\src\Illuminate\Foundation\Http\Middleware\ValidatePostSize.php:27
D:\Tugas Akhir Nadia\project\lapor_poliwangi\overrides\laravel\framework\src\Illuminate\Pipeline\Pipeline.php:149
D:\Tugas Akhir Nadia\project\lapor_poliwangi\vendor\laravel\framework\src\Illuminate\Routing\Pipeline.php:53
D:\Tugas Akhir Nadia\project\lapor_poliwangi\vendor\laravel\framework\src\Illuminate\Foundation\Http\Middleware\CheckForMaintenanceMode.php:46
D:\Tugas Akhir Nadia\project\lapor_poliwangi\overrides\laravel\framework\src\Illuminate\Pipeline\Pipeline.php:149
D:\Tugas Akhir Nadia\project\lapor_poliwangi\vendor\laravel\framework\src\Illuminate\Routing\Pipeline.php:53
D:\Tugas Akhir Nadia\project\lapor_poliwangi\overrides\laravel\framework\src\Illuminate\Pipeline\Pipeline.php:102
D:\Tugas Akhir Nadia\project\lapor_poliwangi\vendor\laravel\framework\src\Illuminate\Foundation\Http\Kernel.php:151
D:\Tugas Akhir Nadia\project\lapor_poliwangi\vendor\laravel\framework\src\Illuminate\Foundation\Http\Kernel.php:116
D:\Tugas Akhir Nadia\project\lapor_poliwangi\vendor\laravel\framework\src\Illuminate\Foundation\Testing\Concerns\MakesHttpRequests.php:344
D:\Tugas Akhir Nadia\project\lapor_poliwangi\vendor\laravel\framework\src\Illuminate\Foundation\Testing\Concerns\MakesHttpRequests.php:168
D:\Tugas Akhir Nadia\project\lapor_poliwangi\tests\Feature\EndUserPortalTest.php:294

Caused by
ErrorException: htmlspecialchars(): Passing null to parameter #1 ($string) of type string is deprecated

D:\Tugas Akhir Nadia\project\lapor_poliwangi\overrides\laravel\framework\src\Illuminate\Support\helpers.php:593
D:\Tugas Akhir Nadia\project\lapor_poliwangi\storage\framework\views\43ede1c6b050332845ebb1987be87a39fcb621bb.php:214
D:\Tugas Akhir Nadia\project\lapor_poliwangi\vendor\laravel\framework\src\Illuminate\View\Engines\PhpEngine.php:43
D:\Tugas Akhir Nadia\project\lapor_poliwangi\vendor\laravel\framework\src\Illuminate\View\Engines\CompilerEngine.php:59
D:\Tugas Akhir Nadia\project\lapor_poliwangi\overrides\laravel\framework\src\Illuminate\View\View.php:137
D:\Tugas Akhir Nadia\project\lapor_poliwangi\overrides\laravel\framework\src\Illuminate\View\View.php:120
D:\Tugas Akhir Nadia\project\lapor_poliwangi\overrides\laravel\framework\src\Illuminate\View\View.php:85
D:\Tugas Akhir Nadia\project\lapor_poliwangi\vendor\laravel\framework\src\Illuminate\Http\Response.php:42
D:\Tugas Akhir Nadia\project\lapor_poliwangi\overrides\symfony\http-foundation\Response.php:206
D:\Tugas Akhir Nadia\project\lapor_poliwangi\overrides\laravel\framework\src\Illuminate\Routing\Router.php:724
D:\Tugas Akhir Nadia\project\lapor_poliwangi\overrides\laravel\framework\src\Illuminate\Routing\Router.php:698
D:\Tugas Akhir Nadia\project\lapor_poliwangi\overrides\laravel\framework\src\Illuminate\Routing\Router.php:657
D:\Tugas Akhir Nadia\project\lapor_poliwangi\vendor\laravel\framework\src\Illuminate\Routing\Pipeline.php:30
D:\Tugas Akhir Nadia\project\lapor_poliwangi\vendor\laravel\framework\src\Illuminate\Routing\Middleware\ThrottleRequests.php:57
D:\Tugas Akhir Nadia\project\lapor_poliwangi\overrides\laravel\framework\src\Illuminate\Pipeline\Pipeline.php:149
D:\Tugas Akhir Nadia\project\lapor_poliwangi\vendor\laravel\framework\src\Illuminate\Routing\Pipeline.php:53
D:\Tugas Akhir Nadia\project\lapor_poliwangi\app\Http\Middleware\CustomHandle.php:27
D:\Tugas Akhir Nadia\project\lapor_poliwangi\overrides\laravel\framework\src\Illuminate\Pipeline\Pipeline.php:149
D:\Tugas Akhir Nadia\project\lapor_poliwangi\vendor\laravel\framework\src\Illuminate\Routing\Pipeline.php:53
D:\Tugas Akhir Nadia\project\lapor_poliwangi\app\Http\Middleware\FrameGuard.php:14
D:\Tugas Akhir Nadia\project\lapor_poliwangi\overrides\laravel\framework\src\Illuminate\Pipeline\Pipeline.php:149
D:\Tugas Akhir Nadia\project\lapor_poliwangi\vendor\laravel\framework\src\Illuminate\Routing\Pipeline.php:53
D:\Tugas Akhir Nadia\project\lapor_poliwangi\app\Http\Middleware\LogoutIfDeleted.php:28
D:\Tugas Akhir Nadia\project\lapor_poliwangi\overrides\laravel\framework\src\Illuminate\Pipeline\Pipeline.php:149
D:\Tugas Akhir Nadia\project\lapor_poliwangi\vendor\laravel\framework\src\Illuminate\Routing\Pipeline.php:53
D:\Tugas Akhir Nadia\project\lapor_poliwangi\app\Http\Middleware\Localize.php:27
D:\Tugas Akhir Nadia\project\lapor_poliwangi\overrides\laravel\framework\src\Illuminate\Pipeline\Pipeline.php:149
D:\Tugas Akhir Nadia\project\lapor_poliwangi\vendor\laravel\framework\src\Illuminate\Routing\Pipeline.php:53
D:\Tugas Akhir Nadia\project\lapor_poliwangi\app\Http\Middleware\CheckBrowser.php:31
D:\Tugas Akhir Nadia\project\lapor_poliwangi\overrides\laravel\framework\src\Illuminate\Pipeline\Pipeline.php:149
D:\Tugas Akhir Nadia\project\lapor_poliwangi\vendor\laravel\framework\src\Illuminate\Routing\Pipeline.php:53
D:\Tugas Akhir Nadia\project\lapor_poliwangi\app\Http\Middleware\HttpsRedirect.php:46
D:\Tugas Akhir Nadia\project\lapor_poliwangi\overrides\laravel\framework\src\Illuminate\Pipeline\Pipeline.php:149
D:\Tugas Akhir Nadia\project\lapor_poliwangi\vendor\laravel\framework\src\Illuminate\Routing\Pipeline.php:53
D:\Tugas Akhir Nadia\project\lapor_poliwangi\vendor\laravel\framework\src\Illuminate\Routing\Middleware\SubstituteBindings.php:41
D:\Tugas Akhir Nadia\project\lapor_poliwangi\overrides\laravel\framework\src\Illuminate\Pipeline\Pipeline.php:149
D:\Tugas Akhir Nadia\project\lapor_poliwangi\vendor\laravel\framework\src\Illuminate\Routing\Pipeline.php:53
D:\Tugas Akhir Nadia\project\lapor_poliwangi\overrides\laravel\framework\src\Illuminate\Foundation\Http\Middleware\VerifyCsrfToken.php:70
D:\Tugas Akhir Nadia\project\lapor_poliwangi\overrides\laravel\framework\src\Illuminate\Pipeline\Pipeline.php:149
D:\Tugas Akhir Nadia\project\lapor_poliwangi\vendor\laravel\framework\src\Illuminate\Routing\Pipeline.php:53
D:\Tugas Akhir Nadia\project\lapor_poliwangi\vendor\laravel\framework\src\Illuminate\View\Middleware\ShareErrorsFromSession.php:49
D:\Tugas Akhir Nadia\project\lapor_poliwangi\overrides\laravel\framework\src\Illuminate\Pipeline\Pipeline.php:149
D:\Tugas Akhir Nadia\project\lapor_poliwangi\vendor\laravel\framework\src\Illuminate\Routing\Pipeline.php:53
D:\Tugas Akhir Nadia\project\lapor_poliwangi\app\Http\Middleware\TokenAuth.php:48
D:\Tugas Akhir Nadia\project\lapor_poliwangi\overrides\laravel\framework\src\Illuminate\Pipeline\Pipeline.php:149
D:\Tugas Akhir Nadia\project\lapor_poliwangi\vendor\laravel\framework\src\Illuminate\Routing\Pipeline.php:53
D:\Tugas Akhir Nadia\project\lapor_poliwangi\overrides\laravel\framework\src\Illuminate\Session\Middleware\StartSession.php:63
D:\Tugas Akhir Nadia\project\lapor_poliwangi\overrides\laravel\framework\src\Illuminate\Pipeline\Pipeline.php:149
D:\Tugas Akhir Nadia\project\lapor_poliwangi\vendor\laravel\framework\src\Illuminate\Routing\Pipeline.php:53
D:\Tugas Akhir Nadia\project\lapor_poliwangi\vendor\laravel\framework\src\Illuminate\Cookie\Middleware\AddQueuedCookiesToResponse.php:37
D:\Tugas Akhir Nadia\project\lapor_poliwangi\overrides\laravel\framework\src\Illuminate\Pipeline\Pipeline.php:149
D:\Tugas Akhir Nadia\project\lapor_poliwangi\vendor\laravel\framework\src\Illuminate\Routing\Pipeline.php:53
D:\Tugas Akhir Nadia\project\lapor_poliwangi\overrides\laravel\framework\src\Illuminate\Cookie\Middleware\EncryptCookies.php:61
D:\Tugas Akhir Nadia\project\lapor_poliwangi\overrides\laravel\framework\src\Illuminate\Pipeline\Pipeline.php:149
D:\Tugas Akhir Nadia\project\lapor_poliwangi\vendor\laravel\framework\src\Illuminate\Routing\Pipeline.php:53
D:\Tugas Akhir Nadia\project\lapor_poliwangi\overrides\laravel\framework\src\Illuminate\Pipeline\Pipeline.php:102
D:\Tugas Akhir Nadia\project\lapor_poliwangi\overrides\laravel\framework\src\Illuminate\Routing\Router.php:656
D:\Tugas Akhir Nadia\project\lapor_poliwangi\overrides\laravel\framework\src\Illuminate\Routing\Router.php:635
D:\Tugas Akhir Nadia\project\lapor_poliwangi\overrides\laravel\framework\src\Illuminate\Routing\Router.php:601
D:\Tugas Akhir Nadia\project\lapor_poliwangi\overrides\laravel\framework\src\Illuminate\Routing\Router.php:590
D:\Tugas Akhir Nadia\project\lapor_poliwangi\vendor\laravel\framework\src\Illuminate\Foundation\Http\Kernel.php:176
D:\Tugas Akhir Nadia\project\lapor_poliwangi\vendor\laravel\framework\src\Illuminate\Routing\Pipeline.php:30
D:\Tugas Akhir Nadia\project\lapor_poliwangi\vendor\barryvdh\laravel-debugbar\src\Middleware\InjectDebugbar.php:58
D:\Tugas Akhir Nadia\project\lapor_poliwangi\overrides\laravel\framework\src\Illuminate\Pipeline\Pipeline.php:149
D:\Tugas Akhir Nadia\project\lapor_poliwangi\vendor\laravel\framework\src\Illuminate\Routing\Pipeline.php:53
D:\Tugas Akhir Nadia\project\lapor_poliwangi\app\Http\Middleware\TerminateHandler.php:12
D:\Tugas Akhir Nadia\project\lapor_poliwangi\overrides\laravel\framework\src\Illuminate\Pipeline\Pipeline.php:149
D:\Tugas Akhir Nadia\project\lapor_poliwangi\vendor\laravel\framework\src\Illuminate\Routing\Pipeline.php:53
D:\Tugas Akhir Nadia\project\lapor_poliwangi\app\Http\Middleware\ResponseHeaders.php:16
D:\Tugas Akhir Nadia\project\lapor_poliwangi\overrides\laravel\framework\src\Illuminate\Pipeline\Pipeline.php:149
D:\Tugas Akhir Nadia\project\lapor_poliwangi\vendor\laravel\framework\src\Illuminate\Routing\Pipeline.php:53
D:\Tugas Akhir Nadia\project\lapor_poliwangi\vendor\fideloper\proxy\src\TrustProxies.php:56
D:\Tugas Akhir Nadia\project\lapor_poliwangi\overrides\laravel\framework\src\Illuminate\Pipeline\Pipeline.php:149
D:\Tugas Akhir Nadia\project\lapor_poliwangi\vendor\laravel\framework\src\Illuminate\Routing\Pipeline.php:53
D:\Tugas Akhir Nadia\project\lapor_poliwangi\app\Http\Middleware\TrustHosts.php:45
D:\Tugas Akhir Nadia\project\lapor_poliwangi\overrides\laravel\framework\src\Illuminate\Pipeline\Pipeline.php:149
D:\Tugas Akhir Nadia\project\lapor_poliwangi\vendor\laravel\framework\src\Illuminate\Routing\Pipeline.php:53
D:\Tugas Akhir Nadia\project\lapor_poliwangi\vendor\laravel\framework\src\Illuminate\Foundation\Http\Middleware\TransformsRequest.php:30
D:\Tugas Akhir Nadia\project\lapor_poliwangi\overrides\laravel\framework\src\Illuminate\Pipeline\Pipeline.php:149
D:\Tugas Akhir Nadia\project\lapor_poliwangi\vendor\laravel\framework\src\Illuminate\Routing\Pipeline.php:53
D:\Tugas Akhir Nadia\project\lapor_poliwangi\vendor\laravel\framework\src\Illuminate\Foundation\Http\Middleware\TransformsRequest.php:30
D:\Tugas Akhir Nadia\project\lapor_poliwangi\overrides\laravel\framework\src\Illuminate\Pipeline\Pipeline.php:149
D:\Tugas Akhir Nadia\project\lapor_poliwangi\vendor\laravel\framework\src\Illuminate\Routing\Pipeline.php:53
D:\Tugas Akhir Nadia\project\lapor_poliwangi\vendor\laravel\framework\src\Illuminate\Foundation\Http\Middleware\ValidatePostSize.php:27
D:\Tugas Akhir Nadia\project\lapor_poliwangi\overrides\laravel\framework\src\Illuminate\Pipeline\Pipeline.php:149
D:\Tugas Akhir Nadia\project\lapor_poliwangi\vendor\laravel\framework\src\Illuminate\Routing\Pipeline.php:53
D:\Tugas Akhir Nadia\project\lapor_poliwangi\vendor\laravel\framework\src\Illuminate\Foundation\Http\Middleware\CheckForMaintenanceMode.php:46
D:\Tugas Akhir Nadia\project\lapor_poliwangi\overrides\laravel\framework\src\Illuminate\Pipeline\Pipeline.php:149
D:\Tugas Akhir Nadia\project\lapor_poliwangi\vendor\laravel\framework\src\Illuminate\Routing\Pipeline.php:53
D:\Tugas Akhir Nadia\project\lapor_poliwangi\overrides\laravel\framework\src\Illuminate\Pipeline\Pipeline.php:102
D:\Tugas Akhir Nadia\project\lapor_poliwangi\vendor\laravel\framework\src\Illuminate\Foundation\Http\Kernel.php:151
D:\Tugas Akhir Nadia\project\lapor_poliwangi\vendor\laravel\framework\src\Illuminate\Foundation\Http\Kernel.php:116
D:\Tugas Akhir Nadia\project\lapor_poliwangi\vendor\laravel\framework\src\Illuminate\Foundation\Testing\Concerns\MakesHttpRequests.php:344
D:\Tugas Akhir Nadia\project\lapor_poliwangi\vendor\laravel\framework\src\Illuminate\Foundation\Testing\Concerns\MakesHttpRequests.php:168
D:\Tugas Akhir Nadia\project\lapor_poliwangi\tests\Feature\EndUserPortalTest.php:294

3) Tests\Feature\EndUserPortalTest::test_submit_ticket_with_notification_channel
Exception: Konfigurasi Telegram tidak lengkap. Bot Token dan Chat ID wajib diisi.

D:\Tugas Akhir Nadia\project\lapor_poliwangi\Modules\LaporPoliwangi\Services\Notifications\Senders\TelegramSender.php:56
D:\Tugas Akhir Nadia\project\lapor_poliwangi\Modules\LaporPoliwangi\Services\Notifications\NotificationService.php:55
D:\Tugas Akhir Nadia\project\lapor_poliwangi\Modules\LaporPoliwangi\Http\Controllers\EndUserPortalController.php:1255
D:\Tugas Akhir Nadia\project\lapor_poliwangi\Modules\LaporPoliwangi\Http\Controllers\EndUserPortalController.php:557
D:\Tugas Akhir Nadia\project\lapor_poliwangi\overrides\laravel\framework\src\Illuminate\Routing\Controller.php:54
D:\Tugas Akhir Nadia\project\lapor_poliwangi\vendor\laravel\framework\src\Illuminate\Routing\ControllerDispatcher.php:45
D:\Tugas Akhir Nadia\project\lapor_poliwangi\vendor\laravel\framework\src\Illuminate\Routing\Route.php:211
D:\Tugas Akhir Nadia\project\lapor_poliwangi\vendor\laravel\framework\src\Illuminate\Routing\Route.php:169
D:\Tugas Akhir Nadia\project\lapor_poliwangi\overrides\laravel\framework\src\Illuminate\Routing\Router.php:658
D:\Tugas Akhir Nadia\project\lapor_poliwangi\vendor\laravel\framework\src\Illuminate\Routing\Pipeline.php:30
D:\Tugas Akhir Nadia\project\lapor_poliwangi\app\Http\Middleware\CustomHandle.php:27
D:\Tugas Akhir Nadia\project\lapor_poliwangi\overrides\laravel\framework\src\Illuminate\Pipeline\Pipeline.php:149
D:\Tugas Akhir Nadia\project\lapor_poliwangi\vendor\laravel\framework\src\Illuminate\Routing\Pipeline.php:53
D:\Tugas Akhir Nadia\project\lapor_poliwangi\app\Http\Middleware\FrameGuard.php:14
D:\Tugas Akhir Nadia\project\lapor_poliwangi\overrides\laravel\framework\src\Illuminate\Pipeline\Pipeline.php:149
D:\Tugas Akhir Nadia\project\lapor_poliwangi\vendor\laravel\framework\src\Illuminate\Routing\Pipeline.php:53
D:\Tugas Akhir Nadia\project\lapor_poliwangi\app\Http\Middleware\LogoutIfDeleted.php:28
D:\Tugas Akhir Nadia\project\lapor_poliwangi\overrides\laravel\framework\src\Illuminate\Pipeline\Pipeline.php:149
D:\Tugas Akhir Nadia\project\lapor_poliwangi\vendor\laravel\framework\src\Illuminate\Routing\Pipeline.php:53
D:\Tugas Akhir Nadia\project\lapor_poliwangi\app\Http\Middleware\Localize.php:27
D:\Tugas Akhir Nadia\project\lapor_poliwangi\overrides\laravel\framework\src\Illuminate\Pipeline\Pipeline.php:149
D:\Tugas Akhir Nadia\project\lapor_poliwangi\vendor\laravel\framework\src\Illuminate\Routing\Pipeline.php:53
D:\Tugas Akhir Nadia\project\lapor_poliwangi\app\Http\Middleware\CheckBrowser.php:31
D:\Tugas Akhir Nadia\project\lapor_poliwangi\overrides\laravel\framework\src\Illuminate\Pipeline\Pipeline.php:149
D:\Tugas Akhir Nadia\project\lapor_poliwangi\vendor\laravel\framework\src\Illuminate\Routing\Pipeline.php:53
D:\Tugas Akhir Nadia\project\lapor_poliwangi\app\Http\Middleware\HttpsRedirect.php:46
D:\Tugas Akhir Nadia\project\lapor_poliwangi\overrides\laravel\framework\src\Illuminate\Pipeline\Pipeline.php:149
D:\Tugas Akhir Nadia\project\lapor_poliwangi\vendor\laravel\framework\src\Illuminate\Routing\Pipeline.php:53
D:\Tugas Akhir Nadia\project\lapor_poliwangi\vendor\laravel\framework\src\Illuminate\Routing\Middleware\SubstituteBindings.php:41
D:\Tugas Akhir Nadia\project\lapor_poliwangi\overrides\laravel\framework\src\Illuminate\Pipeline\Pipeline.php:149
D:\Tugas Akhir Nadia\project\lapor_poliwangi\vendor\laravel\framework\src\Illuminate\Routing\Pipeline.php:53
D:\Tugas Akhir Nadia\project\lapor_poliwangi\overrides\laravel\framework\src\Illuminate\Foundation\Http\Middleware\VerifyCsrfToken.php:70
D:\Tugas Akhir Nadia\project\lapor_poliwangi\overrides\laravel\framework\src\Illuminate\Pipeline\Pipeline.php:149
D:\Tugas Akhir Nadia\project\lapor_poliwangi\vendor\laravel\framework\src\Illuminate\Routing\Pipeline.php:53
D:\Tugas Akhir Nadia\project\lapor_poliwangi\vendor\laravel\framework\src\Illuminate\View\Middleware\ShareErrorsFromSession.php:49
D:\Tugas Akhir Nadia\project\lapor_poliwangi\overrides\laravel\framework\src\Illuminate\Pipeline\Pipeline.php:149
D:\Tugas Akhir Nadia\project\lapor_poliwangi\vendor\laravel\framework\src\Illuminate\Routing\Pipeline.php:53
D:\Tugas Akhir Nadia\project\lapor_poliwangi\app\Http\Middleware\TokenAuth.php:48
D:\Tugas Akhir Nadia\project\lapor_poliwangi\overrides\laravel\framework\src\Illuminate\Pipeline\Pipeline.php:149
D:\Tugas Akhir Nadia\project\lapor_poliwangi\vendor\laravel\framework\src\Illuminate\Routing\Pipeline.php:53
D:\Tugas Akhir Nadia\project\lapor_poliwangi\overrides\laravel\framework\src\Illuminate\Session\Middleware\StartSession.php:63
D:\Tugas Akhir Nadia\project\lapor_poliwangi\overrides\laravel\framework\src\Illuminate\Pipeline\Pipeline.php:149
D:\Tugas Akhir Nadia\project\lapor_poliwangi\vendor\laravel\framework\src\Illuminate\Routing\Pipeline.php:53
D:\Tugas Akhir Nadia\project\lapor_poliwangi\vendor\laravel\framework\src\Illuminate\Cookie\Middleware\AddQueuedCookiesToResponse.php:37
D:\Tugas Akhir Nadia\project\lapor_poliwangi\overrides\laravel\framework\src\Illuminate\Pipeline\Pipeline.php:149
D:\Tugas Akhir Nadia\project\lapor_poliwangi\vendor\laravel\framework\src\Illuminate\Routing\Pipeline.php:53
D:\Tugas Akhir Nadia\project\lapor_poliwangi\overrides\laravel\framework\src\Illuminate\Cookie\Middleware\EncryptCookies.php:61
D:\Tugas Akhir Nadia\project\lapor_poliwangi\overrides\laravel\framework\src\Illuminate\Pipeline\Pipeline.php:149
D:\Tugas Akhir Nadia\project\lapor_poliwangi\vendor\laravel\framework\src\Illuminate\Routing\Pipeline.php:53
D:\Tugas Akhir Nadia\project\lapor_poliwangi\overrides\laravel\framework\src\Illuminate\Pipeline\Pipeline.php:102
D:\Tugas Akhir Nadia\project\lapor_poliwangi\overrides\laravel\framework\src\Illuminate\Routing\Router.php:656
D:\Tugas Akhir Nadia\project\lapor_poliwangi\overrides\laravel\framework\src\Illuminate\Routing\Router.php:635
D:\Tugas Akhir Nadia\project\lapor_poliwangi\overrides\laravel\framework\src\Illuminate\Routing\Router.php:601
D:\Tugas Akhir Nadia\project\lapor_poliwangi\overrides\laravel\framework\src\Illuminate\Routing\Router.php:590
D:\Tugas Akhir Nadia\project\lapor_poliwangi\vendor\laravel\framework\src\Illuminate\Foundation\Http\Kernel.php:176
D:\Tugas Akhir Nadia\project\lapor_poliwangi\vendor\laravel\framework\src\Illuminate\Routing\Pipeline.php:30
D:\Tugas Akhir Nadia\project\lapor_poliwangi\vendor\barryvdh\laravel-debugbar\src\Middleware\InjectDebugbar.php:58
D:\Tugas Akhir Nadia\project\lapor_poliwangi\overrides\laravel\framework\src\Illuminate\Pipeline\Pipeline.php:149
D:\Tugas Akhir Nadia\project\lapor_poliwangi\vendor\laravel\framework\src\Illuminate\Routing\Pipeline.php:53
D:\Tugas Akhir Nadia\project\lapor_poliwangi\app\Http\Middleware\TerminateHandler.php:12
D:\Tugas Akhir Nadia\project\lapor_poliwangi\overrides\laravel\framework\src\Illuminate\Pipeline\Pipeline.php:149
D:\Tugas Akhir Nadia\project\lapor_poliwangi\vendor\laravel\framework\src\Illuminate\Routing\Pipeline.php:53
D:\Tugas Akhir Nadia\project\lapor_poliwangi\app\Http\Middleware\ResponseHeaders.php:16
D:\Tugas Akhir Nadia\project\lapor_poliwangi\overrides\laravel\framework\src\Illuminate\Pipeline\Pipeline.php:149
D:\Tugas Akhir Nadia\project\lapor_poliwangi\vendor\laravel\framework\src\Illuminate\Routing\Pipeline.php:53
D:\Tugas Akhir Nadia\project\lapor_poliwangi\vendor\fideloper\proxy\src\TrustProxies.php:56
D:\Tugas Akhir Nadia\project\lapor_poliwangi\overrides\laravel\framework\src\Illuminate\Pipeline\Pipeline.php:149
D:\Tugas Akhir Nadia\project\lapor_poliwangi\vendor\laravel\framework\src\Illuminate\Routing\Pipeline.php:53
D:\Tugas Akhir Nadia\project\lapor_poliwangi\app\Http\Middleware\TrustHosts.php:45
D:\Tugas Akhir Nadia\project\lapor_poliwangi\overrides\laravel\framework\src\Illuminate\Pipeline\Pipeline.php:149
D:\Tugas Akhir Nadia\project\lapor_poliwangi\vendor\laravel\framework\src\Illuminate\Routing\Pipeline.php:53
D:\Tugas Akhir Nadia\project\lapor_poliwangi\vendor\laravel\framework\src\Illuminate\Foundation\Http\Middleware\TransformsRequest.php:30
D:\Tugas Akhir Nadia\project\lapor_poliwangi\overrides\laravel\framework\src\Illuminate\Pipeline\Pipeline.php:149
D:\Tugas Akhir Nadia\project\lapor_poliwangi\vendor\laravel\framework\src\Illuminate\Routing\Pipeline.php:53
D:\Tugas Akhir Nadia\project\lapor_poliwangi\vendor\laravel\framework\src\Illuminate\Foundation\Http\Middleware\TransformsRequest.php:30
D:\Tugas Akhir Nadia\project\lapor_poliwangi\overrides\laravel\framework\src\Illuminate\Pipeline\Pipeline.php:149
D:\Tugas Akhir Nadia\project\lapor_poliwangi\vendor\laravel\framework\src\Illuminate\Routing\Pipeline.php:53
D:\Tugas Akhir Nadia\project\lapor_poliwangi\vendor\laravel\framework\src\Illuminate\Foundation\Http\Middleware\ValidatePostSize.php:27
D:\Tugas Akhir Nadia\project\lapor_poliwangi\overrides\laravel\framework\src\Illuminate\Pipeline\Pipeline.php:149
D:\Tugas Akhir Nadia\project\lapor_poliwangi\vendor\laravel\framework\src\Illuminate\Routing\Pipeline.php:53
D:\Tugas Akhir Nadia\project\lapor_poliwangi\vendor\laravel\framework\src\Illuminate\Foundation\Http\Middleware\CheckForMaintenanceMode.php:46
D:\Tugas Akhir Nadia\project\lapor_poliwangi\overrides\laravel\framework\src\Illuminate\Pipeline\Pipeline.php:149
D:\Tugas Akhir Nadia\project\lapor_poliwangi\vendor\laravel\framework\src\Illuminate\Routing\Pipeline.php:53
D:\Tugas Akhir Nadia\project\lapor_poliwangi\overrides\laravel\framework\src\Illuminate\Pipeline\Pipeline.php:102
D:\Tugas Akhir Nadia\project\lapor_poliwangi\vendor\laravel\framework\src\Illuminate\Foundation\Http\Kernel.php:151
D:\Tugas Akhir Nadia\project\lapor_poliwangi\vendor\laravel\framework\src\Illuminate\Foundation\Http\Kernel.php:116
D:\Tugas Akhir Nadia\project\lapor_poliwangi\vendor\laravel\framework\src\Illuminate\Foundation\Testing\Concerns\MakesHttpRequests.php:344
D:\Tugas Akhir Nadia\project\lapor_poliwangi\vendor\laravel\framework\src\Illuminate\Foundation\Testing\Concerns\MakesHttpRequests.php:195
D:\Tugas Akhir Nadia\project\lapor_poliwangi\tests\Feature\EndUserPortalTest.php:511

4) Tests\Feature\EndUserPortalTest::test_submit_ticket_logged_in_with_attachments_and_custom_fields
Illuminate\Validation\ValidationException: The given data was invalid.

D:\Tugas Akhir Nadia\project\lapor_poliwangi\vendor\laravel\framework\src\Illuminate\Validation\Validator.php:306
D:\Tugas Akhir Nadia\project\lapor_poliwangi\overrides\laravel\framework\src\Illuminate\Validation\Factory.php:136
D:\Tugas Akhir Nadia\project\lapor_poliwangi\vendor\laravel\framework\src\Illuminate\Foundation\Providers\FoundationServiceProvider.php:39
D:\Tugas Akhir Nadia\project\lapor_poliwangi\vendor\laravel\framework\src\Illuminate\Support\Traits\Macroable.php:102
D:\Tugas Akhir Nadia\project\lapor_poliwangi\Modules\LaporPoliwangi\Http\Controllers\EndUserPortalController.php:312
D:\Tugas Akhir Nadia\project\lapor_poliwangi\overrides\laravel\framework\src\Illuminate\Routing\Controller.php:54
D:\Tugas Akhir Nadia\project\lapor_poliwangi\vendor\laravel\framework\src\Illuminate\Routing\ControllerDispatcher.php:45
D:\Tugas Akhir Nadia\project\lapor_poliwangi\vendor\laravel\framework\src\Illuminate\Routing\Route.php:211
D:\Tugas Akhir Nadia\project\lapor_poliwangi\vendor\laravel\framework\src\Illuminate\Routing\Route.php:169
D:\Tugas Akhir Nadia\project\lapor_poliwangi\overrides\laravel\framework\src\Illuminate\Routing\Router.php:658
D:\Tugas Akhir Nadia\project\lapor_poliwangi\vendor\laravel\framework\src\Illuminate\Routing\Pipeline.php:30
D:\Tugas Akhir Nadia\project\lapor_poliwangi\app\Http\Middleware\CustomHandle.php:27
D:\Tugas Akhir Nadia\project\lapor_poliwangi\overrides\laravel\framework\src\Illuminate\Pipeline\Pipeline.php:149
D:\Tugas Akhir Nadia\project\lapor_poliwangi\vendor\laravel\framework\src\Illuminate\Routing\Pipeline.php:53
D:\Tugas Akhir Nadia\project\lapor_poliwangi\app\Http\Middleware\FrameGuard.php:14
D:\Tugas Akhir Nadia\project\lapor_poliwangi\overrides\laravel\framework\src\Illuminate\Pipeline\Pipeline.php:149
D:\Tugas Akhir Nadia\project\lapor_poliwangi\vendor\laravel\framework\src\Illuminate\Routing\Pipeline.php:53
D:\Tugas Akhir Nadia\project\lapor_poliwangi\app\Http\Middleware\LogoutIfDeleted.php:28
D:\Tugas Akhir Nadia\project\lapor_poliwangi\overrides\laravel\framework\src\Illuminate\Pipeline\Pipeline.php:149
D:\Tugas Akhir Nadia\project\lapor_poliwangi\vendor\laravel\framework\src\Illuminate\Routing\Pipeline.php:53
D:\Tugas Akhir Nadia\project\lapor_poliwangi\app\Http\Middleware\Localize.php:27
D:\Tugas Akhir Nadia\project\lapor_poliwangi\overrides\laravel\framework\src\Illuminate\Pipeline\Pipeline.php:149
D:\Tugas Akhir Nadia\project\lapor_poliwangi\vendor\laravel\framework\src\Illuminate\Routing\Pipeline.php:53
D:\Tugas Akhir Nadia\project\lapor_poliwangi\app\Http\Middleware\CheckBrowser.php:31
D:\Tugas Akhir Nadia\project\lapor_poliwangi\overrides\laravel\framework\src\Illuminate\Pipeline\Pipeline.php:149
D:\Tugas Akhir Nadia\project\lapor_poliwangi\vendor\laravel\framework\src\Illuminate\Routing\Pipeline.php:53
D:\Tugas Akhir Nadia\project\lapor_poliwangi\app\Http\Middleware\HttpsRedirect.php:46
D:\Tugas Akhir Nadia\project\lapor_poliwangi\overrides\laravel\framework\src\Illuminate\Pipeline\Pipeline.php:149
D:\Tugas Akhir Nadia\project\lapor_poliwangi\vendor\laravel\framework\src\Illuminate\Routing\Pipeline.php:53
D:\Tugas Akhir Nadia\project\lapor_poliwangi\vendor\laravel\framework\src\Illuminate\Routing\Middleware\SubstituteBindings.php:41
D:\Tugas Akhir Nadia\project\lapor_poliwangi\overrides\laravel\framework\src\Illuminate\Pipeline\Pipeline.php:149
D:\Tugas Akhir Nadia\project\lapor_poliwangi\vendor\laravel\framework\src\Illuminate\Routing\Pipeline.php:53
D:\Tugas Akhir Nadia\project\lapor_poliwangi\overrides\laravel\framework\src\Illuminate\Foundation\Http\Middleware\VerifyCsrfToken.php:70
D:\Tugas Akhir Nadia\project\lapor_poliwangi\overrides\laravel\framework\src\Illuminate\Pipeline\Pipeline.php:149
D:\Tugas Akhir Nadia\project\lapor_poliwangi\vendor\laravel\framework\src\Illuminate\Routing\Pipeline.php:53
D:\Tugas Akhir Nadia\project\lapor_poliwangi\vendor\laravel\framework\src\Illuminate\View\Middleware\ShareErrorsFromSession.php:49
D:\Tugas Akhir Nadia\project\lapor_poliwangi\overrides\laravel\framework\src\Illuminate\Pipeline\Pipeline.php:149
D:\Tugas Akhir Nadia\project\lapor_poliwangi\vendor\laravel\framework\src\Illuminate\Routing\Pipeline.php:53
D:\Tugas Akhir Nadia\project\lapor_poliwangi\app\Http\Middleware\TokenAuth.php:48
D:\Tugas Akhir Nadia\project\lapor_poliwangi\overrides\laravel\framework\src\Illuminate\Pipeline\Pipeline.php:149
D:\Tugas Akhir Nadia\project\lapor_poliwangi\vendor\laravel\framework\src\Illuminate\Routing\Pipeline.php:53
D:\Tugas Akhir Nadia\project\lapor_poliwangi\overrides\laravel\framework\src\Illuminate\Session\Middleware\StartSession.php:63
D:\Tugas Akhir Nadia\project\lapor_poliwangi\overrides\laravel\framework\src\Illuminate\Pipeline\Pipeline.php:149
D:\Tugas Akhir Nadia\project\lapor_poliwangi\vendor\laravel\framework\src\Illuminate\Routing\Pipeline.php:53
D:\Tugas Akhir Nadia\project\lapor_poliwangi\vendor\laravel\framework\src\Illuminate\Cookie\Middleware\AddQueuedCookiesToResponse.php:37
D:\Tugas Akhir Nadia\project\lapor_poliwangi\overrides\laravel\framework\src\Illuminate\Pipeline\Pipeline.php:149
D:\Tugas Akhir Nadia\project\lapor_poliwangi\vendor\laravel\framework\src\Illuminate\Routing\Pipeline.php:53
D:\Tugas Akhir Nadia\project\lapor_poliwangi\overrides\laravel\framework\src\Illuminate\Cookie\Middleware\EncryptCookies.php:61
D:\Tugas Akhir Nadia\project\lapor_poliwangi\overrides\laravel\framework\src\Illuminate\Pipeline\Pipeline.php:149
D:\Tugas Akhir Nadia\project\lapor_poliwangi\vendor\laravel\framework\src\Illuminate\Routing\Pipeline.php:53
D:\Tugas Akhir Nadia\project\lapor_poliwangi\overrides\laravel\framework\src\Illuminate\Pipeline\Pipeline.php:102
D:\Tugas Akhir Nadia\project\lapor_poliwangi\overrides\laravel\framework\src\Illuminate\Routing\Router.php:656
D:\Tugas Akhir Nadia\project\lapor_poliwangi\overrides\laravel\framework\src\Illuminate\Routing\Router.php:635
D:\Tugas Akhir Nadia\project\lapor_poliwangi\overrides\laravel\framework\src\Illuminate\Routing\Router.php:601
D:\Tugas Akhir Nadia\project\lapor_poliwangi\overrides\laravel\framework\src\Illuminate\Routing\Router.php:590
D:\Tugas Akhir Nadia\project\lapor_poliwangi\vendor\laravel\framework\src\Illuminate\Foundation\Http\Kernel.php:176
D:\Tugas Akhir Nadia\project\lapor_poliwangi\vendor\laravel\framework\src\Illuminate\Routing\Pipeline.php:30
D:\Tugas Akhir Nadia\project\lapor_poliwangi\vendor\barryvdh\laravel-debugbar\src\Middleware\InjectDebugbar.php:58
D:\Tugas Akhir Nadia\project\lapor_poliwangi\overrides\laravel\framework\src\Illuminate\Pipeline\Pipeline.php:149
D:\Tugas Akhir Nadia\project\lapor_poliwangi\vendor\laravel\framework\src\Illuminate\Routing\Pipeline.php:53
D:\Tugas Akhir Nadia\project\lapor_poliwangi\app\Http\Middleware\TerminateHandler.php:12
D:\Tugas Akhir Nadia\project\lapor_poliwangi\overrides\laravel\framework\src\Illuminate\Pipeline\Pipeline.php:149
D:\Tugas Akhir Nadia\project\lapor_poliwangi\vendor\laravel\framework\src\Illuminate\Routing\Pipeline.php:53
D:\Tugas Akhir Nadia\project\lapor_poliwangi\app\Http\Middleware\ResponseHeaders.php:16
D:\Tugas Akhir Nadia\project\lapor_poliwangi\overrides\laravel\framework\src\Illuminate\Pipeline\Pipeline.php:149
D:\Tugas Akhir Nadia\project\lapor_poliwangi\vendor\laravel\framework\src\Illuminate\Routing\Pipeline.php:53
D:\Tugas Akhir Nadia\project\lapor_poliwangi\vendor\fideloper\proxy\src\TrustProxies.php:56
D:\Tugas Akhir Nadia\project\lapor_poliwangi\overrides\laravel\framework\src\Illuminate\Pipeline\Pipeline.php:149
D:\Tugas Akhir Nadia\project\lapor_poliwangi\vendor\laravel\framework\src\Illuminate\Routing\Pipeline.php:53
D:\Tugas Akhir Nadia\project\lapor_poliwangi\app\Http\Middleware\TrustHosts.php:45
D:\Tugas Akhir Nadia\project\lapor_poliwangi\overrides\laravel\framework\src\Illuminate\Pipeline\Pipeline.php:149
D:\Tugas Akhir Nadia\project\lapor_poliwangi\vendor\laravel\framework\src\Illuminate\Routing\Pipeline.php:53
D:\Tugas Akhir Nadia\project\lapor_poliwangi\vendor\laravel\framework\src\Illuminate\Foundation\Http\Middleware\TransformsRequest.php:30
D:\Tugas Akhir Nadia\project\lapor_poliwangi\overrides\laravel\framework\src\Illuminate\Pipeline\Pipeline.php:149
D:\Tugas Akhir Nadia\project\lapor_poliwangi\vendor\laravel\framework\src\Illuminate\Routing\Pipeline.php:53
D:\Tugas Akhir Nadia\project\lapor_poliwangi\vendor\laravel\framework\src\Illuminate\Foundation\Http\Middleware\TransformsRequest.php:30
D:\Tugas Akhir Nadia\project\lapor_poliwangi\overrides\laravel\framework\src\Illuminate\Pipeline\Pipeline.php:149
D:\Tugas Akhir Nadia\project\lapor_poliwangi\vendor\laravel\framework\src\Illuminate\Routing\Pipeline.php:53
D:\Tugas Akhir Nadia\project\lapor_poliwangi\vendor\laravel\framework\src\Illuminate\Foundation\Http\Middleware\ValidatePostSize.php:27
D:\Tugas Akhir Nadia\project\lapor_poliwangi\overrides\laravel\framework\src\Illuminate\Pipeline\Pipeline.php:149
D:\Tugas Akhir Nadia\project\lapor_poliwangi\vendor\laravel\framework\src\Illuminate\Routing\Pipeline.php:53
D:\Tugas Akhir Nadia\project\lapor_poliwangi\vendor\laravel\framework\src\Illuminate\Foundation\Http\Middleware\CheckForMaintenanceMode.php:46
D:\Tugas Akhir Nadia\project\lapor_poliwangi\overrides\laravel\framework\src\Illuminate\Pipeline\Pipeline.php:149
D:\Tugas Akhir Nadia\project\lapor_poliwangi\vendor\laravel\framework\src\Illuminate\Routing\Pipeline.php:53
D:\Tugas Akhir Nadia\project\lapor_poliwangi\overrides\laravel\framework\src\Illuminate\Pipeline\Pipeline.php:102
D:\Tugas Akhir Nadia\project\lapor_poliwangi\vendor\laravel\framework\src\Illuminate\Foundation\Http\Kernel.php:151
D:\Tugas Akhir Nadia\project\lapor_poliwangi\vendor\laravel\framework\src\Illuminate\Foundation\Http\Kernel.php:116
D:\Tugas Akhir Nadia\project\lapor_poliwangi\vendor\laravel\framework\src\Illuminate\Foundation\Testing\Concerns\MakesHttpRequests.php:344
D:\Tugas Akhir Nadia\project\lapor_poliwangi\vendor\laravel\framework\src\Illuminate\Foundation\Testing\Concerns\MakesHttpRequests.php:195
D:\Tugas Akhir Nadia\project\lapor_poliwangi\tests\Feature\EndUserPortalTest.php:560

5) Tests\Feature\EndUserPortalTest::test_reply_ticket_with_attachments
Illuminate\Validation\ValidationException: The given data was invalid.

D:\Tugas Akhir Nadia\project\lapor_poliwangi\vendor\laravel\framework\src\Illuminate\Validation\Validator.php:306
D:\Tugas Akhir Nadia\project\lapor_poliwangi\overrides\laravel\framework\src\Illuminate\Validation\Factory.php:136
D:\Tugas Akhir Nadia\project\lapor_poliwangi\vendor\laravel\framework\src\Illuminate\Foundation\Providers\FoundationServiceProvider.php:39
D:\Tugas Akhir Nadia\project\lapor_poliwangi\vendor\laravel\framework\src\Illuminate\Support\Traits\Macroable.php:102
D:\Tugas Akhir Nadia\project\lapor_poliwangi\Modules\LaporPoliwangi\Http\Controllers\EndUserPortalController.php:793
D:\Tugas Akhir Nadia\project\lapor_poliwangi\overrides\laravel\framework\src\Illuminate\Routing\Controller.php:54
D:\Tugas Akhir Nadia\project\lapor_poliwangi\vendor\laravel\framework\src\Illuminate\Routing\ControllerDispatcher.php:45
D:\Tugas Akhir Nadia\project\lapor_poliwangi\vendor\laravel\framework\src\Illuminate\Routing\Route.php:211
D:\Tugas Akhir Nadia\project\lapor_poliwangi\vendor\laravel\framework\src\Illuminate\Routing\Route.php:169
D:\Tugas Akhir Nadia\project\lapor_poliwangi\overrides\laravel\framework\src\Illuminate\Routing\Router.php:658
D:\Tugas Akhir Nadia\project\lapor_poliwangi\vendor\laravel\framework\src\Illuminate\Routing\Pipeline.php:30
D:\Tugas Akhir Nadia\project\lapor_poliwangi\app\Http\Middleware\CustomHandle.php:27
D:\Tugas Akhir Nadia\project\lapor_poliwangi\overrides\laravel\framework\src\Illuminate\Pipeline\Pipeline.php:149
D:\Tugas Akhir Nadia\project\lapor_poliwangi\vendor\laravel\framework\src\Illuminate\Routing\Pipeline.php:53
D:\Tugas Akhir Nadia\project\lapor_poliwangi\app\Http\Middleware\FrameGuard.php:14
D:\Tugas Akhir Nadia\project\lapor_poliwangi\overrides\laravel\framework\src\Illuminate\Pipeline\Pipeline.php:149
D:\Tugas Akhir Nadia\project\lapor_poliwangi\vendor\laravel\framework\src\Illuminate\Routing\Pipeline.php:53
D:\Tugas Akhir Nadia\project\lapor_poliwangi\app\Http\Middleware\LogoutIfDeleted.php:28
D:\Tugas Akhir Nadia\project\lapor_poliwangi\overrides\laravel\framework\src\Illuminate\Pipeline\Pipeline.php:149
D:\Tugas Akhir Nadia\project\lapor_poliwangi\vendor\laravel\framework\src\Illuminate\Routing\Pipeline.php:53
D:\Tugas Akhir Nadia\project\lapor_poliwangi\app\Http\Middleware\Localize.php:27
D:\Tugas Akhir Nadia\project\lapor_poliwangi\overrides\laravel\framework\src\Illuminate\Pipeline\Pipeline.php:149
D:\Tugas Akhir Nadia\project\lapor_poliwangi\vendor\laravel\framework\src\Illuminate\Routing\Pipeline.php:53
D:\Tugas Akhir Nadia\project\lapor_poliwangi\app\Http\Middleware\CheckBrowser.php:31
D:\Tugas Akhir Nadia\project\lapor_poliwangi\overrides\laravel\framework\src\Illuminate\Pipeline\Pipeline.php:149
D:\Tugas Akhir Nadia\project\lapor_poliwangi\vendor\laravel\framework\src\Illuminate\Routing\Pipeline.php:53
D:\Tugas Akhir Nadia\project\lapor_poliwangi\app\Http\Middleware\HttpsRedirect.php:46
D:\Tugas Akhir Nadia\project\lapor_poliwangi\overrides\laravel\framework\src\Illuminate\Pipeline\Pipeline.php:149
D:\Tugas Akhir Nadia\project\lapor_poliwangi\vendor\laravel\framework\src\Illuminate\Routing\Pipeline.php:53
D:\Tugas Akhir Nadia\project\lapor_poliwangi\vendor\laravel\framework\src\Illuminate\Routing\Middleware\SubstituteBindings.php:41
D:\Tugas Akhir Nadia\project\lapor_poliwangi\overrides\laravel\framework\src\Illuminate\Pipeline\Pipeline.php:149
D:\Tugas Akhir Nadia\project\lapor_poliwangi\vendor\laravel\framework\src\Illuminate\Routing\Pipeline.php:53
D:\Tugas Akhir Nadia\project\lapor_poliwangi\overrides\laravel\framework\src\Illuminate\Foundation\Http\Middleware\VerifyCsrfToken.php:70
D:\Tugas Akhir Nadia\project\lapor_poliwangi\overrides\laravel\framework\src\Illuminate\Pipeline\Pipeline.php:149
D:\Tugas Akhir Nadia\project\lapor_poliwangi\vendor\laravel\framework\src\Illuminate\Routing\Pipeline.php:53
D:\Tugas Akhir Nadia\project\lapor_poliwangi\vendor\laravel\framework\src\Illuminate\View\Middleware\ShareErrorsFromSession.php:49
D:\Tugas Akhir Nadia\project\lapor_poliwangi\overrides\laravel\framework\src\Illuminate\Pipeline\Pipeline.php:149
D:\Tugas Akhir Nadia\project\lapor_poliwangi\vendor\laravel\framework\src\Illuminate\Routing\Pipeline.php:53
D:\Tugas Akhir Nadia\project\lapor_poliwangi\app\Http\Middleware\TokenAuth.php:48
D:\Tugas Akhir Nadia\project\lapor_poliwangi\overrides\laravel\framework\src\Illuminate\Pipeline\Pipeline.php:149
D:\Tugas Akhir Nadia\project\lapor_poliwangi\vendor\laravel\framework\src\Illuminate\Routing\Pipeline.php:53
D:\Tugas Akhir Nadia\project\lapor_poliwangi\overrides\laravel\framework\src\Illuminate\Session\Middleware\StartSession.php:63
D:\Tugas Akhir Nadia\project\lapor_poliwangi\overrides\laravel\framework\src\Illuminate\Pipeline\Pipeline.php:149
D:\Tugas Akhir Nadia\project\lapor_poliwangi\vendor\laravel\framework\src\Illuminate\Routing\Pipeline.php:53
D:\Tugas Akhir Nadia\project\lapor_poliwangi\vendor\laravel\framework\src\Illuminate\Cookie\Middleware\AddQueuedCookiesToResponse.php:37
D:\Tugas Akhir Nadia\project\lapor_poliwangi\overrides\laravel\framework\src\Illuminate\Pipeline\Pipeline.php:149
D:\Tugas Akhir Nadia\project\lapor_poliwangi\vendor\laravel\framework\src\Illuminate\Routing\Pipeline.php:53
D:\Tugas Akhir Nadia\project\lapor_poliwangi\overrides\laravel\framework\src\Illuminate\Cookie\Middleware\EncryptCookies.php:61
D:\Tugas Akhir Nadia\project\lapor_poliwangi\overrides\laravel\framework\src\Illuminate\Pipeline\Pipeline.php:149
D:\Tugas Akhir Nadia\project\lapor_poliwangi\vendor\laravel\framework\src\Illuminate\Routing\Pipeline.php:53
D:\Tugas Akhir Nadia\project\lapor_poliwangi\overrides\laravel\framework\src\Illuminate\Pipeline\Pipeline.php:102
D:\Tugas Akhir Nadia\project\lapor_poliwangi\overrides\laravel\framework\src\Illuminate\Routing\Router.php:656
D:\Tugas Akhir Nadia\project\lapor_poliwangi\overrides\laravel\framework\src\Illuminate\Routing\Router.php:635
D:\Tugas Akhir Nadia\project\lapor_poliwangi\overrides\laravel\framework\src\Illuminate\Routing\Router.php:601
D:\Tugas Akhir Nadia\project\lapor_poliwangi\overrides\laravel\framework\src\Illuminate\Routing\Router.php:590
D:\Tugas Akhir Nadia\project\lapor_poliwangi\vendor\laravel\framework\src\Illuminate\Foundation\Http\Kernel.php:176
D:\Tugas Akhir Nadia\project\lapor_poliwangi\vendor\laravel\framework\src\Illuminate\Routing\Pipeline.php:30
D:\Tugas Akhir Nadia\project\lapor_poliwangi\vendor\barryvdh\laravel-debugbar\src\Middleware\InjectDebugbar.php:58
D:\Tugas Akhir Nadia\project\lapor_poliwangi\overrides\laravel\framework\src\Illuminate\Pipeline\Pipeline.php:149
D:\Tugas Akhir Nadia\project\lapor_poliwangi\vendor\laravel\framework\src\Illuminate\Routing\Pipeline.php:53
D:\Tugas Akhir Nadia\project\lapor_poliwangi\app\Http\Middleware\TerminateHandler.php:12
D:\Tugas Akhir Nadia\project\lapor_poliwangi\overrides\laravel\framework\src\Illuminate\Pipeline\Pipeline.php:149
D:\Tugas Akhir Nadia\project\lapor_poliwangi\vendor\laravel\framework\src\Illuminate\Routing\Pipeline.php:53
D:\Tugas Akhir Nadia\project\lapor_poliwangi\app\Http\Middleware\ResponseHeaders.php:16
D:\Tugas Akhir Nadia\project\lapor_poliwangi\overrides\laravel\framework\src\Illuminate\Pipeline\Pipeline.php:149
D:\Tugas Akhir Nadia\project\lapor_poliwangi\vendor\laravel\framework\src\Illuminate\Routing\Pipeline.php:53
D:\Tugas Akhir Nadia\project\lapor_poliwangi\vendor\fideloper\proxy\src\TrustProxies.php:56
D:\Tugas Akhir Nadia\project\lapor_poliwangi\overrides\laravel\framework\src\Illuminate\Pipeline\Pipeline.php:149
D:\Tugas Akhir Nadia\project\lapor_poliwangi\vendor\laravel\framework\src\Illuminate\Routing\Pipeline.php:53
D:\Tugas Akhir Nadia\project\lapor_poliwangi\app\Http\Middleware\TrustHosts.php:45
D:\Tugas Akhir Nadia\project\lapor_poliwangi\overrides\laravel\framework\src\Illuminate\Pipeline\Pipeline.php:149
D:\Tugas Akhir Nadia\project\lapor_poliwangi\vendor\laravel\framework\src\Illuminate\Routing\Pipeline.php:53
D:\Tugas Akhir Nadia\project\lapor_poliwangi\vendor\laravel\framework\src\Illuminate\Foundation\Http\Middleware\TransformsRequest.php:30
D:\Tugas Akhir Nadia\project\lapor_poliwangi\overrides\laravel\framework\src\Illuminate\Pipeline\Pipeline.php:149
D:\Tugas Akhir Nadia\project\lapor_poliwangi\vendor\laravel\framework\src\Illuminate\Routing\Pipeline.php:53
D:\Tugas Akhir Nadia\project\lapor_poliwangi\vendor\laravel\framework\src\Illuminate\Foundation\Http\Middleware\TransformsRequest.php:30
D:\Tugas Akhir Nadia\project\lapor_poliwangi\overrides\laravel\framework\src\Illuminate\Pipeline\Pipeline.php:149
D:\Tugas Akhir Nadia\project\lapor_poliwangi\vendor\laravel\framework\src\Illuminate\Routing\Pipeline.php:53
D:\Tugas Akhir Nadia\project\lapor_poliwangi\vendor\laravel\framework\src\Illuminate\Foundation\Http\Middleware\ValidatePostSize.php:27
D:\Tugas Akhir Nadia\project\lapor_poliwangi\overrides\laravel\framework\src\Illuminate\Pipeline\Pipeline.php:149
D:\Tugas Akhir Nadia\project\lapor_poliwangi\vendor\laravel\framework\src\Illuminate\Routing\Pipeline.php:53
D:\Tugas Akhir Nadia\project\lapor_poliwangi\vendor\laravel\framework\src\Illuminate\Foundation\Http\Middleware\CheckForMaintenanceMode.php:46
D:\Tugas Akhir Nadia\project\lapor_poliwangi\overrides\laravel\framework\src\Illuminate\Pipeline\Pipeline.php:149
D:\Tugas Akhir Nadia\project\lapor_poliwangi\vendor\laravel\framework\src\Illuminate\Routing\Pipeline.php:53
D:\Tugas Akhir Nadia\project\lapor_poliwangi\overrides\laravel\framework\src\Illuminate\Pipeline\Pipeline.php:102
D:\Tugas Akhir Nadia\project\lapor_poliwangi\vendor\laravel\framework\src\Illuminate\Foundation\Http\Kernel.php:151
D:\Tugas Akhir Nadia\project\lapor_poliwangi\vendor\laravel\framework\src\Illuminate\Foundation\Http\Kernel.php:116
D:\Tugas Akhir Nadia\project\lapor_poliwangi\vendor\laravel\framework\src\Illuminate\Foundation\Testing\Concerns\MakesHttpRequests.php:344
D:\Tugas Akhir Nadia\project\lapor_poliwangi\vendor\laravel\framework\src\Illuminate\Foundation\Testing\Concerns\MakesHttpRequests.php:195
D:\Tugas Akhir Nadia\project\lapor_poliwangi\tests\Feature\EndUserPortalTest.php:627

--

There was 1 failure:

1) Tests\Feature\EndUserPortalTest::test_login_end_user_submit_success
Failed asserting that two strings are equal.
--- Expected
+++ Actual
@@ @@
-'http://127.0.0.1:8000/help'
+'http://127.0.0.1:8000'

D:\Tugas Akhir Nadia\project\lapor_poliwangi\vendor\laravel\framework\src\Illuminate\Foundation\Testing\TestResponse.php:97
D:\Tugas Akhir Nadia\project\lapor_poliwangi\tests\Feature\EndUserPortalTest.php:227

ERRORS!
Tests: 31, Assertions: 81, Errors: 5, Failures: 1.
